Simulation command is: fb-vanet-urban --buildings=1 --actualRange=300 --mapBasePath=../maps/Grid-300/Grid-300 --cwMin=32 --cwMax=1024 --vehicleDistance=25 --startingNode=4896 --propagationLoss=1 --protocol=1 --area=2000 --smartJunctionMode=0 --errorRate=0 --nVehicles=0 --droneTest=0 --highBuildings=0 --flooding=0  --printToFile=1 --printCoords=0 --createObstacleShadowingLossFile=0 --useObstacleShadowingLossFile=1 --forgedCoordTest=0 --forgedCoordRate=0 --maxRun=10
>>> [urban-Grid-300-highBuildings0-drones0-d25-cw-32-1024-b1-e0-j0-Z-Fast-Broadcast-300-_run1] Started at 2025-04-22 00:55:18
Waf: Entering directory `/my-project/ns-3/build'
Waf: Leaving directory `/my-project/ns-3/build'
Build commands will be stored in build/compile_commands.json
'build' finished successfully (0.861s)
Whole simulation starting at: 2025-04-22 00:55:20
Start main urban
numNodes = 6528
numNodes = 6528
numVeh = 6528
startingNode = 4896
using tracefile ../maps/Grid-300/Grid-300.ns2mobility.xml
Loading buildings file "../maps/Grid-300/Grid-300.poly.xml
Loading losses from file ../maps/Grid-300/Grid-300.losses
Max run: 10
fileName=Grid-300/b1/e0/r300/j0/cw[32-1024]/Fast-Broadcast/Grid-300-b1-e0-r300-j0-Fast-Broadcast
fbTest= "/my-project/simulations/scenario-urbano/Grid-300/b1/e0/r300/j0/cw[32-1024]/Fast-Broadcast/Grid-300-b1-e0-r300-j0-Fast-Broadcast-1745276181697.csv"
Simulation Run 0 starting at: 2025-04-22 00:56:21
numNodes = 6528
numNodes = 6528
numVeh = 6528
startingNode = 4896
using tracefile ../maps/Grid-300/Grid-300.ns2mobility.xml
Loading buildings file "../maps/Grid-300/Grid-300.poly.xml
Loading losses from file ../maps/Grid-300/Grid-300.losses
totalCoverage= 6528/6528
coverageOnCirc= 148/148
m_sent=613
hops= 12.7027
slots= 82.6014
Simulation Run 0 ending at: 2025-04-22 01:31:22
Simulation Run 0 Elapsed wall-clock time: 35m 1s
-----------------------------------------------------------------------------
Simulation Run 1 starting at: 2025-04-22 01:31:22
numNodes = 6528
numNodes = 6528
numVeh = 6528
startingNode = 4896
using tracefile ../maps/Grid-300/Grid-300.ns2mobility.xml
Loading buildings file "../maps/Grid-300/Grid-300.poly.xml
Loading losses from file ../maps/Grid-300/Grid-300.losses
totalCoverage= 6528/6528
coverageOnCirc= 148/148
m_sent=606
hops= 15.1892
slots= 97.9257
Simulation Run 1 ending at: 2025-04-22 02:06:18
Simulation Run 1 Elapsed wall-clock time: 34m 55s
-----------------------------------------------------------------------------
Simulation Run 2 starting at: 2025-04-22 02:06:18
numNodes = 6528
numNodes = 6528
numVeh = 6528
startingNode = 4896
using tracefile ../maps/Grid-300/Grid-300.ns2mobility.xml
Loading buildings file "../maps/Grid-300/Grid-300.poly.xml
Loading losses from file ../maps/Grid-300/Grid-300.losses
totalCoverage= 6528/6528
coverageOnCirc= 148/148
m_sent=630
hops= 11.2095
slots= 78.8784
Simulation Run 2 ending at: 2025-04-22 02:41:18
Simulation Run 2 Elapsed wall-clock time: 35m 0s
-----------------------------------------------------------------------------
Simulation Run 3 starting at: 2025-04-22 02:41:18
numNodes = 6528
numNodes = 6528
numVeh = 6528
startingNode = 4896
using tracefile ../maps/Grid-300/Grid-300.ns2mobility.xml
Loading buildings file "../maps/Grid-300/Grid-300.poly.xml
Loading losses from file ../maps/Grid-300/Grid-300.losses
totalCoverage= 6528/6528
coverageOnCirc= 148/148
m_sent=610
hops= 11.4054
slots= 88.9662
Simulation Run 3 ending at: 2025-04-22 03:16:10
Simulation Run 3 Elapsed wall-clock time: 34m 51s
-----------------------------------------------------------------------------
Simulation Run 4 starting at: 2025-04-22 03:16:10
numNodes = 6528
numNodes = 6528
numVeh = 6528
startingNode = 4896
using tracefile ../maps/Grid-300/Grid-300.ns2mobility.xml
Loading buildings file "../maps/Grid-300/Grid-300.poly.xml
Loading losses from file ../maps/Grid-300/Grid-300.losses
totalCoverage= 6528/6528
coverageOnCirc= 148/148
m_sent=619
hops= 11.6824
slots= 82.3649
Simulation Run 4 ending at: 2025-04-22 03:50:36
Simulation Run 4 Elapsed wall-clock time: 34m 25s
-----------------------------------------------------------------------------
Simulation Run 5 starting at: 2025-04-22 03:50:36
numNodes = 6528
numNodes = 6528
numVeh = 6528
startingNode = 4896
using tracefile ../maps/Grid-300/Grid-300.ns2mobility.xml
Loading buildings file "../maps/Grid-300/Grid-300.poly.xml
Loading losses from file ../maps/Grid-300/Grid-300.losses
totalCoverage= 6523/6528
coverageOnCirc= 148/148
m_sent=630
hops= 11.473
slots= 93.0338
Simulation Run 5 ending at: 2025-04-22 04:25:07
Simulation Run 5 Elapsed wall-clock time: 34m 31s
-----------------------------------------------------------------------------
Simulation Run 6 starting at: 2025-04-22 04:25:07
numNodes = 6528
numNodes = 6528
numVeh = 6528
startingNode = 4896
using tracefile ../maps/Grid-300/Grid-300.ns2mobility.xml
Loading buildings file "../maps/Grid-300/Grid-300.poly.xml
Loading losses from file ../maps/Grid-300/Grid-300.losses
totalCoverage= 6396/6528
coverageOnCirc= 145/148
m_sent=617
hops= 12.069
slots= 108.669
Simulation Run 6 ending at: 2025-04-22 04:59:57
Simulation Run 6 Elapsed wall-clock time: 34m 49s
-----------------------------------------------------------------------------
Simulation Run 7 starting at: 2025-04-22 04:59:57
numNodes = 6528
numNodes = 6528
numVeh = 6528
startingNode = 4896
using tracefile ../maps/Grid-300/Grid-300.ns2mobility.xml
Loading buildings file "../maps/Grid-300/Grid-300.poly.xml
Loading losses from file ../maps/Grid-300/Grid-300.losses
totalCoverage= 6517/6528
coverageOnCirc= 148/148
m_sent=576
hops= 11.027
slots= 67.7568
Simulation Run 7 ending at: 2025-04-22 05:34:45
Simulation Run 7 Elapsed wall-clock time: 34m 47s
-----------------------------------------------------------------------------
Simulation Run 8 starting at: 2025-04-22 05:34:45
numNodes = 6528
numNodes = 6528
numVeh = 6528
startingNode = 4896
using tracefile ../maps/Grid-300/Grid-300.ns2mobility.xml
Loading buildings file "../maps/Grid-300/Grid-300.poly.xml
Loading losses from file ../maps/Grid-300/Grid-300.losses
totalCoverage= 6528/6528
coverageOnCirc= 148/148
m_sent=629
hops= 15.0203
slots= 151.135
Simulation Run 8 ending at: 2025-04-22 06:09:16
Simulation Run 8 Elapsed wall-clock time: 34m 30s
-----------------------------------------------------------------------------
Simulation Run 9 starting at: 2025-04-22 06:09:16
numNodes = 6528
numNodes = 6528
numVeh = 6528
startingNode = 4896
using tracefile ../maps/Grid-300/Grid-300.ns2mobility.xml
Loading buildings file "../maps/Grid-300/Grid-300.poly.xml
Loading losses from file ../maps/Grid-300/Grid-300.losses
totalCoverage= 6451/6528
coverageOnCirc= 146/148
m_sent=616
hops= 13.2877
slots= 116.808
Simulation Run 9 ending at: 2025-04-22 06:44:06
Simulation Run 9 Elapsed wall-clock time: 34m 50s
-----------------------------------------------------------------------------
Whole simulation ending at: 2025-04-22 06:44:06
Whole simulation Elapsed wall-clock time: 348m 45s
-----------------------------------------------------------------------------
>>> [urban-Grid-300-highBuildings0-drones0-d25-cw-32-1024-b1-e0-j0-Z-Fast-Broadcast-300-] All 1 runs completed. Moving to completed/
>>> [urban-Grid-300-highBuildings0-drones0-d25-cw-32-1024-b1-e0-j0-Z-Fast-Broadcast-300-_run1] SUCCESS
>>> Finished at 2025-04-22 06:44:08 with duration: 348m 50s
Simulation command is: fb-vanet-urban --buildings=1 --actualRange=300 --mapBasePath=../maps/Grid-300/Grid-300 --cwMin=32 --cwMax=1024 --vehicleDistance=25 --startingNode=4896 --propagationLoss=1 --protocol=1 --area=2000 --smartJunctionMode=0 --errorRate=0 --nVehicles=0 --droneTest=0 --highBuildings=0 --flooding=0  --printToFile=1 --printCoords=0 --createObstacleShadowingLossFile=0 --useObstacleShadowingLossFile=1 --forgedCoordTest=0 --forgedCoordRate=0 --maxRun=6
Container name: iopbn7a_urban-Grid-300-highBuildings0-drones0-d25-cw-32-1024-b1-e0-j0-Z-Fast-Broadcast-300-_run1
>>> [urban-Grid-300-highBuildings0-drones0-d25-cw-32-1024-b1-e0-j0-Z-Fast-Broadcast-300-_run1] Started at 2025-04-22 23:36:21
Waf: Entering directory `/my-project/ns-3/build'
Waf: Leaving directory `/my-project/ns-3/build'
Build commands will be stored in build/compile_commands.json
'build' finished successfully (1.937s)
-----------------------------------------------------------------------------
Whole simulation starting at: 2025-04-22 23:36:25
Start main urban
numNodes = 6528
numNodes = 6528
numVeh = 6528
startingNode = 4896
using tracefile ../maps/Grid-300/Grid-300.ns2mobility.xml
Loading buildings file "../maps/Grid-300/Grid-300.poly.xml
Loading losses from file ../maps/Grid-300/Grid-300.losses
Max run: 6
fileName=Grid-300/b1/e0/r300/j0/cw[32-1024]/Fast-Broadcast/Grid-300-b1-e0-r300-j0-Fast-Broadcast
fbTest= "/my-project/simulations/scenario-urbano/Grid-300/b1/e0/r300/j0/cw[32-1024]/Fast-Broadcast/Grid-300-b1-e0-r300-j0-Fast-Broadcast-1745357883746.csv"
-----------------------------------------------------------------------------
Simulation Run 0 starting at: 2025-04-22 23:38:03
numNodes = 6528
numNodes = 6528
numVeh = 6528
startingNode = 4896
using tracefile ../maps/Grid-300/Grid-300.ns2mobility.xml
Loading buildings file "../maps/Grid-300/Grid-300.poly.xml
Loading losses from file ../maps/Grid-300/Grid-300.losses
totalCoverage= 6528/6528
coverageOnCirc= 148/148
m_sent=614
hops= 10.5743
slots= 78.4527
Simulation Run 0 ending at: 2025-04-23 00:33:04
Simulation Run 0 Elapsed wall-clock time: 55m 1s
-----------------------------------------------------------------------------
Simulation Run 1 starting at: 2025-04-23 00:33:05
numNodes = 6528
numNodes = 6528
numVeh = 6528
startingNode = 4896
using tracefile ../maps/Grid-300/Grid-300.ns2mobility.xml
Loading buildings file "../maps/Grid-300/Grid-300.poly.xml
Loading losses from file ../maps/Grid-300/Grid-300.losses
totalCoverage= 6528/6528
coverageOnCirc= 148/148
m_sent=604
hops= 12.0135
slots= 78.3716
Simulation Run 1 ending at: 2025-04-23 01:27:51
Simulation Run 1 Elapsed wall-clock time: 54m 46s
-----------------------------------------------------------------------------
Simulation Run 2 starting at: 2025-04-23 01:27:52
numNodes = 6528
numNodes = 6528
numVeh = 6528
startingNode = 4896
using tracefile ../maps/Grid-300/Grid-300.ns2mobility.xml
Loading buildings file "../maps/Grid-300/Grid-300.poly.xml
Loading losses from file ../maps/Grid-300/Grid-300.losses
totalCoverage= 6528/6528
coverageOnCirc= 148/148
m_sent=627
hops= 11.2703
slots= 83.5
Simulation Run 2 ending at: 2025-04-23 02:22:42
Simulation Run 2 Elapsed wall-clock time: 54m 50s
-----------------------------------------------------------------------------
Simulation Run 3 starting at: 2025-04-23 02:22:42
numNodes = 6528
numNodes = 6528
numVeh = 6528
startingNode = 4896
using tracefile ../maps/Grid-300/Grid-300.ns2mobility.xml
Loading buildings file "../maps/Grid-300/Grid-300.poly.xml
Loading losses from file ../maps/Grid-300/Grid-300.losses
totalCoverage= 6528/6528
coverageOnCirc= 148/148
m_sent=637
hops= 10.8514
slots= 74.1149
Simulation Run 3 ending at: 2025-04-23 03:17:40
Simulation Run 3 Elapsed wall-clock time: 54m 58s
-----------------------------------------------------------------------------
Simulation Run 4 starting at: 2025-04-23 03:17:41
numNodes = 6528
numNodes = 6528
numVeh = 6528
startingNode = 4896
using tracefile ../maps/Grid-300/Grid-300.ns2mobility.xml
Loading buildings file "../maps/Grid-300/Grid-300.poly.xml
Loading losses from file ../maps/Grid-300/Grid-300.losses
totalCoverage= 6528/6528
coverageOnCirc= 148/148
m_sent=594
hops= 13.2162
slots= 76.3108
Simulation Run 4 ending at: 2025-04-23 04:12:21
Simulation Run 4 Elapsed wall-clock time: 54m 40s
-----------------------------------------------------------------------------
Simulation Run 5 starting at: 2025-04-23 04:12:21
numNodes = 6528
numNodes = 6528
numVeh = 6528
startingNode = 4896
using tracefile ../maps/Grid-300/Grid-300.ns2mobility.xml
Loading buildings file "../maps/Grid-300/Grid-300.poly.xml
Loading losses from file ../maps/Grid-300/Grid-300.losses
totalCoverage= 6484/6528
coverageOnCirc= 148/148
m_sent=609
hops= 12.0541
slots= 84.7635
Simulation Run 5 ending at: 2025-04-23 05:07:03
Simulation Run 5 Elapsed wall-clock time: 54m 42s
Whole simulation ending at: 2025-04-23 05:07:03
Whole simulation Elapsed wall-clock time: 330m 38s
>>> [urban-Grid-300-highBuildings0-drones0-d25-cw-32-1024-b1-e0-j0-Z-Fast-Broadcast-300-_run1] SUCCESS
>>> Finished at 2025-04-23 05:07:11 with duration: 330m 50s
