Simulation command is: fb-vanet-urban --buildings=1 --actualRange=100 --mapBasePath=../maps/Grid-300/Grid-300 --cwMin=32 --cwMax=1024 --vehicleDistance=25 --startingNode=4896 --propagationLoss=1 --protocol=1 --area=2000 --smartJunctionMode=0 --errorRate=0 --nVehicles=0 --droneTest=0 --highBuildings=0 --flooding=0  --printToFile=1 --printCoords=0 --createObstacleShadowingLossFile=0 --useObstacleShadowingLossFile=1 --forgedCoordTest=0 --forgedCoordRate=0 --maxRun=10
>>> [urban-Grid-300-highBuildings0-drones0-d25-cw-32-1024-b1-e0-j0-Z-Fast-Broadcast-100-_run1] Started at 2025-04-22 00:21:27
Waf: Entering directory `/my-project/ns-3/build'
Waf: Leaving directory `/my-project/ns-3/build'
Build commands will be stored in build/compile_commands.json
'build' finished successfully (1.569s)
Whole simulation starting at: 2025-04-22 00:21:30
Start main urban
numNodes = 6528
numNodes = 6528
numVeh = 6528
startingNode = 4896
using tracefile ../maps/Grid-300/Grid-300.ns2mobility.xml
Loading buildings file "../maps/Grid-300/Grid-300.poly.xml
Loading losses from file ../maps/Grid-300/Grid-300.losses
Max run: 10
fileName=Grid-300/b1/e0/r100/j0/cw[32-1024]/Fast-Broadcast/Grid-300-b1-e0-r100-j0-Fast-Broadcast
fbTest= "/my-project/simulations/scenario-urbano/Grid-300/b1/e0/r100/j0/cw[32-1024]/Fast-Broadcast/Grid-300-b1-e0-r100-j0-Fast-Broadcast-1745274152624.csv"
Simulation Run 0 starting at: 2025-04-22 00:22:32
numNodes = 6528
numNodes = 6528
numVeh = 6528
startingNode = 4896
using tracefile ../maps/Grid-300/Grid-300.ns2mobility.xml
Loading buildings file "../maps/Grid-300/Grid-300.poly.xml
Loading losses from file ../maps/Grid-300/Grid-300.losses
totalCoverage= 6528/6528
coverageOnCirc= 148/148
m_sent=1671
hops= 29.5203
slots= 393.405
Simulation Run 0 ending at: 2025-04-22 00:55:21
Simulation Run 0 Elapsed wall-clock time: 32m 48s
-----------------------------------------------------------------------------
Simulation Run 1 starting at: 2025-04-22 00:55:21
numNodes = 6528
numNodes = 6528
numVeh = 6528
startingNode = 4896
using tracefile ../maps/Grid-300/Grid-300.ns2mobility.xml
Loading buildings file "../maps/Grid-300/Grid-300.poly.xml
Loading losses from file ../maps/Grid-300/Grid-300.losses
totalCoverage= 6528/6528
coverageOnCirc= 148/148
m_sent=1670
hops= 27.9459
slots= 319.486
Simulation Run 1 ending at: 2025-04-22 01:27:18
Simulation Run 1 Elapsed wall-clock time: 31m 57s
-----------------------------------------------------------------------------
Simulation Run 2 starting at: 2025-04-22 01:27:18
numNodes = 6528
numNodes = 6528
numVeh = 6528
startingNode = 4896
using tracefile ../maps/Grid-300/Grid-300.ns2mobility.xml
Loading buildings file "../maps/Grid-300/Grid-300.poly.xml
Loading losses from file ../maps/Grid-300/Grid-300.losses
totalCoverage= 6517/6528
coverageOnCirc= 148/148
m_sent=1670
hops= 29.8108
slots= 391.736
Simulation Run 2 ending at: 2025-04-22 01:59:13
Simulation Run 2 Elapsed wall-clock time: 31m 54s
-----------------------------------------------------------------------------
Simulation Run 3 starting at: 2025-04-22 01:59:13
numNodes = 6528
numNodes = 6528
numVeh = 6528
startingNode = 4896
using tracefile ../maps/Grid-300/Grid-300.ns2mobility.xml
Loading buildings file "../maps/Grid-300/Grid-300.poly.xml
Loading losses from file ../maps/Grid-300/Grid-300.losses
totalCoverage= 6528/6528
coverageOnCirc= 148/148
m_sent=1666
hops= 29.7905
slots= 373.068
Simulation Run 3 ending at: 2025-04-22 02:31:03
Simulation Run 3 Elapsed wall-clock time: 31m 49s
-----------------------------------------------------------------------------
Simulation Run 4 starting at: 2025-04-22 02:31:03
numNodes = 6528
numNodes = 6528
numVeh = 6528
startingNode = 4896
using tracefile ../maps/Grid-300/Grid-300.ns2mobility.xml
Loading buildings file "../maps/Grid-300/Grid-300.poly.xml
Loading losses from file ../maps/Grid-300/Grid-300.losses
totalCoverage= 6528/6528
coverageOnCirc= 148/148
m_sent=1682
hops= 29.4392
slots= 375.196
Simulation Run 4 ending at: 2025-04-22 03:02:58
Simulation Run 4 Elapsed wall-clock time: 31m 54s
-----------------------------------------------------------------------------
Simulation Run 5 starting at: 2025-04-22 03:02:58
numNodes = 6528
numNodes = 6528
numVeh = 6528
startingNode = 4896
using tracefile ../maps/Grid-300/Grid-300.ns2mobility.xml
Loading buildings file "../maps/Grid-300/Grid-300.poly.xml
Loading losses from file ../maps/Grid-300/Grid-300.losses
totalCoverage= 6528/6528
coverageOnCirc= 148/148
m_sent=1698
hops= 28.6959
slots= 393.743
Simulation Run 5 ending at: 2025-04-22 03:34:39
Simulation Run 5 Elapsed wall-clock time: 31m 40s
-----------------------------------------------------------------------------
Simulation Run 6 starting at: 2025-04-22 03:34:39
numNodes = 6528
numNodes = 6528
numVeh = 6528
startingNode = 4896
using tracefile ../maps/Grid-300/Grid-300.ns2mobility.xml
Loading buildings file "../maps/Grid-300/Grid-300.poly.xml
Loading losses from file ../maps/Grid-300/Grid-300.losses
totalCoverage= 6528/6528
coverageOnCirc= 148/148
m_sent=1693
hops= 34
slots= 484.534
Simulation Run 6 ending at: 2025-04-22 04:06:23
Simulation Run 6 Elapsed wall-clock time: 31m 44s
-----------------------------------------------------------------------------
Simulation Run 7 starting at: 2025-04-22 04:06:23
numNodes = 6528
numNodes = 6528
numVeh = 6528
startingNode = 4896
using tracefile ../maps/Grid-300/Grid-300.ns2mobility.xml
Loading buildings file "../maps/Grid-300/Grid-300.poly.xml
Loading losses from file ../maps/Grid-300/Grid-300.losses
totalCoverage= 6495/6528
coverageOnCirc= 147/148
m_sent=1656
hops= 27.8844
slots= 345.299
Simulation Run 7 ending at: 2025-04-22 04:37:56
Simulation Run 7 Elapsed wall-clock time: 31m 33s
-----------------------------------------------------------------------------
Simulation Run 8 starting at: 2025-04-22 04:37:56
numNodes = 6528
numNodes = 6528
numVeh = 6528
startingNode = 4896
using tracefile ../maps/Grid-300/Grid-300.ns2mobility.xml
Loading buildings file "../maps/Grid-300/Grid-300.poly.xml
Loading losses from file ../maps/Grid-300/Grid-300.losses
totalCoverage= 6528/6528
coverageOnCirc= 148/148
m_sent=1681
hops= 29.4797
slots= 405.392
Simulation Run 8 ending at: 2025-04-22 05:09:56
Simulation Run 8 Elapsed wall-clock time: 31m 59s
-----------------------------------------------------------------------------
Simulation Run 9 starting at: 2025-04-22 05:09:56
numNodes = 6528
numNodes = 6528
numVeh = 6528
startingNode = 4896
using tracefile ../maps/Grid-300/Grid-300.ns2mobility.xml
Loading buildings file "../maps/Grid-300/Grid-300.poly.xml
Loading losses from file ../maps/Grid-300/Grid-300.losses
totalCoverage= 6528/6528
coverageOnCirc= 148/148
m_sent=1698
hops= 28.9257
slots= 378.696
Simulation Run 9 ending at: 2025-04-22 05:41:36
Simulation Run 9 Elapsed wall-clock time: 31m 40s
-----------------------------------------------------------------------------
Whole simulation ending at: 2025-04-22 05:41:36
Whole simulation Elapsed wall-clock time: 320m 5s
-----------------------------------------------------------------------------
>>> [urban-Grid-300-highBuildings0-drones0-d25-cw-32-1024-b1-e0-j0-Z-Fast-Broadcast-100-] All 1 runs completed. Moving to completed/
>>> [urban-Grid-300-highBuildings0-drones0-d25-cw-32-1024-b1-e0-j0-Z-Fast-Broadcast-100-_run1] SUCCESS
>>> Finished at 2025-04-22 05:41:40 with duration: 320m 13s
Simulation command is: fb-vanet-urban --buildings=1 --actualRange=100 --mapBasePath=../maps/Grid-300/Grid-300 --cwMin=32 --cwMax=1024 --vehicleDistance=25 --startingNode=4896 --propagationLoss=1 --protocol=1 --area=2000 --smartJunctionMode=0 --errorRate=0 --nVehicles=0 --droneTest=0 --highBuildings=0 --flooding=0  --printToFile=1 --printCoords=0 --createObstacleShadowingLossFile=0 --useObstacleShadowingLossFile=1 --forgedCoordTest=0 --forgedCoordRate=0 --maxRun=5
Container name: iopbn7a_urban-Grid-300-highBuildings0-drones0-d25-cw-32-1024-b1-e0-j0-Z-Fast-Broadcast-100-_run1
>>> [urban-Grid-300-highBuildings0-drones0-d25-cw-32-1024-b1-e0-j0-Z-Fast-Broadcast-100-_run1] Started at 2025-04-22 19:15:29
Waf: Entering directory `/my-project/ns-3/build'
Waf: Leaving directory `/my-project/ns-3/build'
Build commands will be stored in build/compile_commands.json
'build' finished successfully (1.539s)
-----------------------------------------------------------------------------
Whole simulation starting at: 2025-04-22 19:15:33
Start main urban
numNodes = 6528
numNodes = 6528
numVeh = 6528
startingNode = 4896
using tracefile ../maps/Grid-300/Grid-300.ns2mobility.xml
Loading buildings file "../maps/Grid-300/Grid-300.poly.xml
Loading losses from file ../maps/Grid-300/Grid-300.losses
Max run: 5
fileName=Grid-300/b1/e0/r100/j0/cw[32-1024]/Fast-Broadcast/Grid-300-b1-e0-r100-j0-Fast-Broadcast
fbTest= "/my-project/simulations/scenario-urbano/Grid-300/b1/e0/r100/j0/cw[32-1024]/Fast-Broadcast/Grid-300-b1-e0-r100-j0-Fast-Broadcast-1745342200298.csv"
-----------------------------------------------------------------------------
Simulation Run 0 starting at: 2025-04-22 19:16:40
numNodes = 6528
numNodes = 6528
numVeh = 6528
startingNode = 4896
using tracefile ../maps/Grid-300/Grid-300.ns2mobility.xml
Loading buildings file "../maps/Grid-300/Grid-300.poly.xml
Loading losses from file ../maps/Grid-300/Grid-300.losses
totalCoverage= 6528/6528
coverageOnCirc= 148/148
m_sent=1650
hops= 28.0676
slots= 323.885
Simulation Run 0 ending at: 2025-04-22 20:13:55
Simulation Run 0 Elapsed wall-clock time: 57m 14s
-----------------------------------------------------------------------------
Simulation Run 1 starting at: 2025-04-22 20:13:55
numNodes = 6528
numNodes = 6528
numVeh = 6528
startingNode = 4896
using tracefile ../maps/Grid-300/Grid-300.ns2mobility.xml
Loading buildings file "../maps/Grid-300/Grid-300.poly.xml
Loading losses from file ../maps/Grid-300/Grid-300.losses
totalCoverage= 6528/6528
coverageOnCirc= 148/148
m_sent=1691
hops= 28.8108
slots= 325.122
Simulation Run 1 ending at: 2025-04-22 21:04:36
Simulation Run 1 Elapsed wall-clock time: 50m 41s
-----------------------------------------------------------------------------
Simulation Run 2 starting at: 2025-04-22 21:04:36
numNodes = 6528
numNodes = 6528
numVeh = 6528
startingNode = 4896
using tracefile ../maps/Grid-300/Grid-300.ns2mobility.xml
Loading buildings file "../maps/Grid-300/Grid-300.poly.xml
Loading losses from file ../maps/Grid-300/Grid-300.losses
totalCoverage= 6528/6528
coverageOnCirc= 148/148
m_sent=1630
hops= 28.0608
slots= 344.959
Simulation Run 2 ending at: 2025-04-22 21:55:14
Simulation Run 2 Elapsed wall-clock time: 50m 37s
-----------------------------------------------------------------------------
Simulation Run 3 starting at: 2025-04-22 21:55:14
numNodes = 6528
numNodes = 6528
numVeh = 6528
startingNode = 4896
using tracefile ../maps/Grid-300/Grid-300.ns2mobility.xml
Loading buildings file "../maps/Grid-300/Grid-300.poly.xml
Loading losses from file ../maps/Grid-300/Grid-300.losses
totalCoverage= 6528/6528
coverageOnCirc= 148/148
m_sent=1689
hops= 28.7905
slots= 393.155
Simulation Run 3 ending at: 2025-04-22 22:45:51
Simulation Run 3 Elapsed wall-clock time: 50m 37s
-----------------------------------------------------------------------------
Simulation Run 4 starting at: 2025-04-22 22:45:51
numNodes = 6528
numNodes = 6528
numVeh = 6528
startingNode = 4896
using tracefile ../maps/Grid-300/Grid-300.ns2mobility.xml
Loading buildings file "../maps/Grid-300/Grid-300.poly.xml
Loading losses from file ../maps/Grid-300/Grid-300.losses
totalCoverage= 6528/6528
coverageOnCirc= 148/148
m_sent=1657
hops= 28.6959
slots= 354.946
Simulation Run 4 ending at: 2025-04-22 23:36:16
Simulation Run 4 Elapsed wall-clock time: 50m 25s
Whole simulation ending at: 2025-04-22 23:36:16
Whole simulation Elapsed wall-clock time: 260m 43s
>>> [urban-Grid-300-highBuildings0-drones0-d25-cw-32-1024-b1-e0-j0-Z-Fast-Broadcast-100-_run1] SUCCESS
>>> Finished at 2025-04-22 23:36:20 with duration: 260m 51s
